Archive member included because of file (symbol)

/opt/Freescale/KDS_v3/toolchain/bin/../lib/gcc/arm-none-eabi/4.8.4/armv6-m/libgcc.a(_udivsi3.o)
                              ./Project_Settings/Startup_Code/system_MKL05Z4.o (__aeabi_uidiv)
/opt/Freescale/KDS_v3/toolchain/bin/../lib/gcc/arm-none-eabi/4.8.4/armv6-m/libgcc.a(_dvmd_tls.o)
                              /opt/Freescale/KDS_v3/toolchain/bin/../lib/gcc/arm-none-eabi/4.8.4/armv6-m/libgcc.a(_udivsi3.o) (__aeabi_idiv0)
/opt/Freescale/KDS_v3/toolchain/bin/../lib/gcc/arm-none-eabi/4.8.4/../../../../arm-none-eabi/lib/armv6-m/libg_s.a(lib_a-exit.o)
                              /opt/Freescale/KDS_v3/toolchain/bin/../lib/gcc/arm-none-eabi/4.8.4/../../../../arm-none-eabi/lib/armv6-m/crt0.o (exit)
/opt/Freescale/KDS_v3/toolchain/bin/../lib/gcc/arm-none-eabi/4.8.4/../../../../arm-none-eabi/lib/armv6-m/libg_s.a(lib_a-impure.o)
                              /opt/Freescale/KDS_v3/toolchain/bin/../lib/gcc/arm-none-eabi/4.8.4/../../../../arm-none-eabi/lib/armv6-m/libg_s.a(lib_a-exit.o) (_global_impure_ptr)
/opt/Freescale/KDS_v3/toolchain/bin/../lib/gcc/arm-none-eabi/4.8.4/../../../../arm-none-eabi/lib/armv6-m/libg_s.a(lib_a-init.o)
                              /opt/Freescale/KDS_v3/toolchain/bin/../lib/gcc/arm-none-eabi/4.8.4/../../../../arm-none-eabi/lib/armv6-m/crt0.o (__libc_init_array)
/opt/Freescale/KDS_v3/toolchain/bin/../lib/gcc/arm-none-eabi/4.8.4/../../../../arm-none-eabi/lib/armv6-m/libg_s.a(lib_a-memset.o)
                              /opt/Freescale/KDS_v3/toolchain/bin/../lib/gcc/arm-none-eabi/4.8.4/../../../../arm-none-eabi/lib/armv6-m/crt0.o (memset)
/opt/Freescale/KDS_v3/toolchain/bin/../lib/gcc/arm-none-eabi/4.8.4/../../../../arm-none-eabi/lib/armv6-m/libnosys.a(_exit.o)
                              /opt/Freescale/KDS_v3/toolchain/bin/../lib/gcc/arm-none-eabi/4.8.4/../../../../arm-none-eabi/lib/armv6-m/libg_s.a(lib_a-exit.o) (_exit)

Discarded input sections

 .text          0x00000000        0x0 /opt/Freescale/KDS_v3/toolchain/bin/../lib/gcc/arm-none-eabi/4.8.4/armv6-m/crti.o
 .data          0x00000000        0x0 /opt/Freescale/KDS_v3/toolchain/bin/../lib/gcc/arm-none-eabi/4.8.4/armv6-m/crti.o
 .bss           0x00000000        0x0 /opt/Freescale/KDS_v3/toolchain/bin/../lib/gcc/arm-none-eabi/4.8.4/armv6-m/crti.o
 .data          0x00000000        0x4 /opt/Freescale/KDS_v3/toolchain/bin/../lib/gcc/arm-none-eabi/4.8.4/armv6-m/crtbegin.o
 .data          0x00000000        0x0 /opt/Freescale/KDS_v3/toolchain/bin/../lib/gcc/arm-none-eabi/4.8.4/../../../../arm-none-eabi/lib/armv6-m/crt0.o
 .bss           0x00000000        0x0 /opt/Freescale/KDS_v3/toolchain/bin/../lib/gcc/arm-none-eabi/4.8.4/../../../../arm-none-eabi/lib/armv6-m/crt0.o
 .ARM.extab     0x00000000        0x0 /opt/Freescale/KDS_v3/toolchain/bin/../lib/gcc/arm-none-eabi/4.8.4/../../../../arm-none-eabi/lib/armv6-m/crt0.o
 .group         0x00000000        0x8 ./Sources/gpio.o
 .group         0x00000000        0x8 ./Sources/gpio.o
 .group         0x00000000        0x8 ./Sources/gpio.o
 .group         0x00000000        0x8 ./Sources/gpio.o
 .group         0x00000000        0x8 ./Sources/gpio.o
 .group         0x00000000        0x8 ./Sources/gpio.o
 .group         0x00000000        0x8 ./Sources/gpio.o
 .group         0x00000000        0x8 ./Sources/gpio.o
 .group         0x00000000        0x8 ./Sources/gpio.o
 .group         0x00000000        0x8 ./Sources/gpio.o
 .group         0x00000000        0x8 ./Sources/gpio.o
 .group         0x00000000        0x8 ./Sources/gpio.o
 .text          0x00000000        0x0 ./Sources/gpio.o
 .data          0x00000000        0x0 ./Sources/gpio.o
 .bss           0x00000000        0x0 ./Sources/gpio.o
 .rodata.DISPLAY
                0x00000000        0x8 ./Sources/gpio.o
 .rodata.DIGIT  0x00000000       0x14 ./Sources/gpio.o
 .group         0x00000000        0x8 ./Sources/main.o
 .group         0x00000000        0x8 ./Sources/main.o
 .group         0x00000000        0x8 ./Sources/main.o
 .group         0x00000000        0x8 ./Sources/main.o
 .group         0x00000000        0x8 ./Sources/main.o
 .group         0x00000000        0x8 ./Sources/main.o
 .group         0x00000000        0x8 ./Sources/main.o
 .group         0x00000000        0x8 ./Sources/main.o
 .group         0x00000000        0x8 ./Sources/main.o
 .group         0x00000000        0x8 ./Sources/main.o
 .group         0x00000000        0x8 ./Sources/main.o
 .group         0x00000000        0x8 ./Sources/main.o
 .group         0x00000000        0x8 ./Sources/main.o
 .group         0x00000000        0x8 ./Sources/main.o
 .group         0x00000000        0x8 ./Sources/main.o
 .group         0x00000000        0x8 ./Sources/main.o
 .text          0x00000000        0x0 ./Sources/main.o
 .data          0x00000000        0x0 ./Sources/main.o
 .bss           0x00000000        0x0 ./Sources/main.o
 .text.endless_time
                0x00000000        0xc ./Sources/main.o
 .text.endless_error
                0x00000000        0xc ./Sources/main.o
 .debug_macro   0x00000000      0x80e ./Sources/main.o
 .debug_macro   0x00000000       0x16 ./Sources/main.o
 .debug_macro   0x00000000       0x16 ./Sources/main.o
 .debug_macro   0x00000000       0x44 ./Sources/main.o
 .debug_macro   0x00000000      0x209 ./Sources/main.o
 .debug_macro   0x00000000       0x3a ./Sources/main.o
 .debug_macro   0x00000000       0x3a ./Sources/main.o
 .debug_macro   0x00000000       0x26 ./Sources/main.o
 .debug_macro   0x00000000      0x306 ./Sources/main.o
 .debug_macro   0x00000000       0x57 ./Sources/main.o
 .debug_macro   0x00000000     0x62f9 ./Sources/main.o
 .debug_macro   0x00000000       0x10 ./Sources/main.o
 .group         0x00000000        0x8 ./Sources/rtc.o
 .group         0x00000000        0x8 ./Sources/rtc.o
 .group         0x00000000        0x8 ./Sources/rtc.o
 .group         0x00000000        0x8 ./Sources/rtc.o
 .group         0x00000000        0x8 ./Sources/rtc.o
 .group         0x00000000        0x8 ./Sources/rtc.o
 .group         0x00000000        0x8 ./Sources/rtc.o
 .group         0x00000000        0x8 ./Sources/rtc.o
 .group         0x00000000        0x8 ./Sources/rtc.o
 .group         0x00000000        0x8 ./Sources/rtc.o
 .group         0x00000000        0x8 ./Sources/rtc.o
 .group         0x00000000        0x8 ./Sources/rtc.o
 .group         0x00000000        0x8 ./Sources/rtc.o
 .text          0x00000000        0x0 ./Sources/rtc.o
 .data          0x00000000        0x0 ./Sources/rtc.o
 .bss           0x00000000        0x0 ./Sources/rtc.o
 .debug_macro   0x00000000      0x80e ./Sources/rtc.o
 .debug_macro   0x00000000       0x22 ./Sources/rtc.o
 .debug_macro   0x00000000       0x16 ./Sources/rtc.o
 .debug_macro   0x00000000       0x16 ./Sources/rtc.o
 .debug_macro   0x00000000       0x44 ./Sources/rtc.o
 .debug_macro   0x00000000      0x209 ./Sources/rtc.o
 .debug_macro   0x00000000       0x3a ./Sources/rtc.o
 .debug_macro   0x00000000       0x3a ./Sources/rtc.o
 .debug_macro   0x00000000       0x26 ./Sources/rtc.o
 .debug_macro   0x00000000      0x306 ./Sources/rtc.o
 .debug_macro   0x00000000       0x57 ./Sources/rtc.o
 .debug_macro   0x00000000     0x62f9 ./Sources/rtc.o
 .debug_macro   0x00000000       0x10 ./Sources/rtc.o
 .data          0x00000000        0x0 ./Project_Settings/Startup_Code/startup_MKL05Z4.o
 .bss           0x00000000        0x0 ./Project_Settings/Startup_Code/startup_MKL05Z4.o
 .group         0x00000000        0x8 ./Project_Settings/Startup_Code/system_MKL05Z4.o
 .group         0x00000000        0x8 ./Project_Settings/Startup_Code/system_MKL05Z4.o
 .group         0x00000000        0x8 ./Project_Settings/Startup_Code/system_MKL05Z4.o
 .group         0x00000000        0x8 ./Project_Settings/Startup_Code/system_MKL05Z4.o
 .group         0x00000000        0x8 ./Project_Settings/Startup_Code/system_MKL05Z4.o
 .group         0x00000000        0x8 ./Project_Settings/Startup_Code/system_MKL05Z4.o
 .group         0x00000000        0x8 ./Project_Settings/Startup_Code/system_MKL05Z4.o
 .group         0x00000000        0x8 ./Project_Settings/Startup_Code/system_MKL05Z4.o
 .group         0x00000000        0x8 ./Project_Settings/Startup_Code/system_MKL05Z4.o
 .group         0x00000000        0x8 ./Project_Settings/Startup_Code/system_MKL05Z4.o
 .text          0x00000000        0x0 ./Project_Settings/Startup_Code/system_MKL05Z4.o
 .data          0x00000000        0x0 ./Project_Settings/Startup_Code/system_MKL05Z4.o
 .bss           0x00000000        0x0 ./Project_Settings/Startup_Code/system_MKL05Z4.o
 .data.SystemCoreClock
                0x00000000        0x4 ./Project_Settings/Startup_Code/system_MKL05Z4.o
 .text.SystemCoreClockUpdate
                0x00000000      0x1e8 ./Project_Settings/Startup_Code/system_MKL05Z4.o
 .debug_macro   0x00000000       0x16 ./Project_Settings/Startup_Code/system_MKL05Z4.o
 .debug_macro   0x00000000       0x44 ./Project_Settings/Startup_Code/system_MKL05Z4.o
 .debug_macro   0x00000000      0x209 ./Project_Settings/Startup_Code/system_MKL05Z4.o
 .debug_macro   0x00000000       0x3a ./Project_Settings/Startup_Code/system_MKL05Z4.o
 .debug_macro   0x00000000       0x26 ./Project_Settings/Startup_Code/system_MKL05Z4.o
 .debug_macro   0x00000000      0x306 ./Project_Settings/Startup_Code/system_MKL05Z4.o
 .debug_macro   0x00000000       0x57 ./Project_Settings/Startup_Code/system_MKL05Z4.o
 .debug_macro   0x00000000     0x62f9 ./Project_Settings/Startup_Code/system_MKL05Z4.o
 .text          0x00000000       0x9c /opt/Freescale/KDS_v3/toolchain/bin/../lib/gcc/arm-none-eabi/4.8.4/armv6-m/libgcc.a(_udivsi3.o)
 .data          0x00000000        0x0 /opt/Freescale/KDS_v3/toolchain/bin/../lib/gcc/arm-none-eabi/4.8.4/armv6-m/libgcc.a(_udivsi3.o)
 .bss           0x00000000        0x0 /opt/Freescale/KDS_v3/toolchain/bin/../lib/gcc/arm-none-eabi/4.8.4/armv6-m/libgcc.a(_udivsi3.o)
 .debug_frame   0x00000000       0x20 /opt/Freescale/KDS_v3/toolchain/bin/../lib/gcc/arm-none-eabi/4.8.4/armv6-m/libgcc.a(_udivsi3.o)
 .ARM.attributes
                0x00000000       0x1e /opt/Freescale/KDS_v3/toolchain/bin/../lib/gcc/arm-none-eabi/4.8.4/armv6-m/libgcc.a(_udivsi3.o)
 .text          0x00000000        0x4 /opt/Freescale/KDS_v3/toolchain/bin/../lib/gcc/arm-none-eabi/4.8.4/armv6-m/libgcc.a(_dvmd_tls.o)
 .data          0x00000000        0x0 /opt/Freescale/KDS_v3/toolchain/bin/../lib/gcc/arm-none-eabi/4.8.4/armv6-m/libgcc.a(_dvmd_tls.o)
 .bss           0x00000000        0x0 /opt/Freescale/KDS_v3/toolchain/bin/../lib/gcc/arm-none-eabi/4.8.4/armv6-m/libgcc.a(_dvmd_tls.o)
 .ARM.attributes
                0x00000000       0x1e /opt/Freescale/KDS_v3/toolchain/bin/../lib/gcc/arm-none-eabi/4.8.4/armv6-m/libgcc.a(_dvmd_tls.o)
 .text          0x00000000        0x0 /opt/Freescale/KDS_v3/toolchain/bin/../lib/gcc/arm-none-eabi/4.8.4/../../../../arm-none-eabi/lib/armv6-m/libg_s.a(lib_a-exit.o)
 .data          0x00000000        0x0 /opt/Freescale/KDS_v3/toolchain/bin/../lib/gcc/arm-none-eabi/4.8.4/../../../../arm-none-eabi/lib/armv6-m/libg_s.a(lib_a-exit.o)
 .bss           0x00000000        0x0 /opt/Freescale/KDS_v3/toolchain/bin/../lib/gcc/arm-none-eabi/4.8.4/../../../../arm-none-eabi/lib/armv6-m/libg_s.a(lib_a-exit.o)
 .text          0x00000000        0x0 /opt/Freescale/KDS_v3/toolchain/bin/../lib/gcc/arm-none-eabi/4.8.4/../../../../arm-none-eabi/lib/armv6-m/libg_s.a(lib_a-impure.o)
 .data          0x00000000        0x0 /opt/Freescale/KDS_v3/toolchain/bin/../lib/gcc/arm-none-eabi/4.8.4/../../../../arm-none-eabi/lib/armv6-m/libg_s.a(lib_a-impure.o)
 .bss           0x00000000        0x0 /opt/Freescale/KDS_v3/toolchain/bin/../lib/gcc/arm-none-eabi/4.8.4/../../../../arm-none-eabi/lib/armv6-m/libg_s.a(lib_a-impure.o)
 .data._impure_ptr
                0x00000000        0x4 /opt/Freescale/KDS_v3/toolchain/bin/../lib/gcc/arm-none-eabi/4.8.4/../../../../arm-none-eabi/lib/armv6-m/libg_s.a(lib_a-impure.o)
 .text          0x00000000        0x0 /opt/Freescale/KDS_v3/toolchain/bin/../lib/gcc/arm-none-eabi/4.8.4/../../../../arm-none-eabi/lib/armv6-m/libg_s.a(lib_a-init.o)
 .data          0x00000000        0x0 /opt/Freescale/KDS_v3/toolchain/bin/../lib/gcc/arm-none-eabi/4.8.4/../../../../arm-none-eabi/lib/armv6-m/libg_s.a(lib_a-init.o)
 .bss           0x00000000        0x0 /opt/Freescale/KDS_v3/toolchain/bin/../lib/gcc/arm-none-eabi/4.8.4/../../../../arm-none-eabi/lib/armv6-m/libg_s.a(lib_a-init.o)
 .text          0x00000000        0x0 /opt/Freescale/KDS_v3/toolchain/bin/../lib/gcc/arm-none-eabi/4.8.4/../../../../arm-none-eabi/lib/armv6-m/libg_s.a(lib_a-memset.o)
 .data          0x00000000        0x0 /opt/Freescale/KDS_v3/toolchain/bin/../lib/gcc/arm-none-eabi/4.8.4/../../../../arm-none-eabi/lib/armv6-m/libg_s.a(lib_a-memset.o)
 .bss           0x00000000        0x0 /opt/Freescale/KDS_v3/toolchain/bin/../lib/gcc/arm-none-eabi/4.8.4/../../../../arm-none-eabi/lib/armv6-m/libg_s.a(lib_a-memset.o)
 .text          0x00000000        0x0 /opt/Freescale/KDS_v3/toolchain/bin/../lib/gcc/arm-none-eabi/4.8.4/../../../../arm-none-eabi/lib/armv6-m/libnosys.a(_exit.o)
 .data          0x00000000        0x0 /opt/Freescale/KDS_v3/toolchain/bin/../lib/gcc/arm-none-eabi/4.8.4/../../../../arm-none-eabi/lib/armv6-m/libnosys.a(_exit.o)
 .bss           0x00000000        0x0 /opt/Freescale/KDS_v3/toolchain/bin/../lib/gcc/arm-none-eabi/4.8.4/../../../../arm-none-eabi/lib/armv6-m/libnosys.a(_exit.o)
 .text          0x00000000        0x0 /opt/Freescale/KDS_v3/toolchain/bin/../lib/gcc/arm-none-eabi/4.8.4/armv6-m/crtend.o
 .data          0x00000000        0x0 /opt/Freescale/KDS_v3/toolchain/bin/../lib/gcc/arm-none-eabi/4.8.4/armv6-m/crtend.o
 .bss           0x00000000        0x0 /opt/Freescale/KDS_v3/toolchain/bin/../lib/gcc/arm-none-eabi/4.8.4/armv6-m/crtend.o
 .eh_frame      0x00000000        0x4 /opt/Freescale/KDS_v3/toolchain/bin/../lib/gcc/arm-none-eabi/4.8.4/armv6-m/crtend.o
 .text          0x00000000        0x0 /opt/Freescale/KDS_v3/toolchain/bin/../lib/gcc/arm-none-eabi/4.8.4/armv6-m/crtn.o
 .data          0x00000000        0x0 /opt/Freescale/KDS_v3/toolchain/bin/../lib/gcc/arm-none-eabi/4.8.4/armv6-m/crtn.o
 .bss           0x00000000        0x0 /opt/Freescale/KDS_v3/toolchain/bin/../lib/gcc/arm-none-eabi/4.8.4/armv6-m/crtn.o

Memory Configuration

Name             Origin             Length             Attributes
m_interrupts     0x00000000         0x00000100         xr
m_flash_config   0x00000400         0x00000010         xr
m_text           0x00000410         0x00007bf0         xr
m_data           0x1ffffc00         0x00001000         rw
*default*        0x00000000         0xffffffff

Linker script and memory map

LOAD /opt/Freescale/KDS_v3/toolchain/bin/../lib/gcc/arm-none-eabi/4.8.4/armv6-m/crti.o
LOAD /opt/Freescale/KDS_v3/toolchain/bin/../lib/gcc/arm-none-eabi/4.8.4/armv6-m/crtbegin.o
LOAD /opt/Freescale/KDS_v3/toolchain/bin/../lib/gcc/arm-none-eabi/4.8.4/../../../../arm-none-eabi/lib/armv6-m/crt0.o
LOAD ./Sources/gpio.o
LOAD ./Sources/main.o
LOAD ./Sources/rtc.o
LOAD ./Project_Settings/Startup_Code/startup_MKL05Z4.o
LOAD ./Project_Settings/Startup_Code/system_MKL05Z4.o
LOAD /opt/Freescale/KDS_v3/toolchain/bin/../lib/gcc/arm-none-eabi/4.8.4/../../../../arm-none-eabi/lib/armv6-m/libstdc++_s.a
LOAD /opt/Freescale/KDS_v3/toolchain/bin/../lib/gcc/arm-none-eabi/4.8.4/../../../../arm-none-eabi/lib/armv6-m/libm.a
START GROUP
LOAD /opt/Freescale/KDS_v3/toolchain/bin/../lib/gcc/arm-none-eabi/4.8.4/armv6-m/libgcc.a
LOAD /opt/Freescale/KDS_v3/toolchain/bin/../lib/gcc/arm-none-eabi/4.8.4/../../../../arm-none-eabi/lib/armv6-m/libg_s.a
LOAD /opt/Freescale/KDS_v3/toolchain/bin/../lib/gcc/arm-none-eabi/4.8.4/../../../../arm-none-eabi/lib/armv6-m/libc_s.a
END GROUP
START GROUP
LOAD /opt/Freescale/KDS_v3/toolchain/bin/../lib/gcc/arm-none-eabi/4.8.4/armv6-m/libgcc.a
LOAD /opt/Freescale/KDS_v3/toolchain/bin/../lib/gcc/arm-none-eabi/4.8.4/../../../../arm-none-eabi/lib/armv6-m/libc_s.a
LOAD /opt/Freescale/KDS_v3/toolchain/bin/../lib/gcc/arm-none-eabi/4.8.4/../../../../arm-none-eabi/lib/armv6-m/libnosys.a
END GROUP
START GROUP
LOAD /opt/Freescale/KDS_v3/toolchain/bin/../lib/gcc/arm-none-eabi/4.8.4/armv6-m/libgcc.a
LOAD /opt/Freescale/KDS_v3/toolchain/bin/../lib/gcc/arm-none-eabi/4.8.4/../../../../arm-none-eabi/lib/armv6-m/libc_s.a
LOAD /opt/Freescale/KDS_v3/toolchain/bin/../lib/gcc/arm-none-eabi/4.8.4/../../../../arm-none-eabi/lib/armv6-m/libnosys.a
END GROUP
LOAD /opt/Freescale/KDS_v3/toolchain/bin/../lib/gcc/arm-none-eabi/4.8.4/armv6-m/crtend.o
LOAD /opt/Freescale/KDS_v3/toolchain/bin/../lib/gcc/arm-none-eabi/4.8.4/armv6-m/crtn.o
                0x00000200                HEAP_SIZE = DEFINED (__heap_size__)?__heap_size__:0x200
                0x00000100                STACK_SIZE = DEFINED (__stack_size__)?__stack_size__:0x100

.interrupts     0x00000000       0xc0
                0x00000000                __VECTOR_TABLE = .
                0x00000000                . = ALIGN (0x4)
 *(.isr_vector)
 .isr_vector    0x00000000       0xc0 ./Project_Settings/Startup_Code/startup_MKL05Z4.o
                0x00000000                __isr_vector
                0x000000c0                . = ALIGN (0x4)

.flash_config   0x00000400       0x10
                0x00000400                . = ALIGN (0x4)
 *(.FlashConfig)
 .FlashConfig   0x00000400       0x10 ./Project_Settings/Startup_Code/startup_MKL05Z4.o
                0x00000410                . = ALIGN (0x4)

.text           0x00000410      0x8ac
                0x00000410                . = ALIGN (0x4)
 *(.text)
 .text          0x00000410       0x60 /opt/Freescale/KDS_v3/toolchain/bin/../lib/gcc/arm-none-eabi/4.8.4/armv6-m/crtbegin.o
 .text          0x00000470       0x78 /opt/Freescale/KDS_v3/toolchain/bin/../lib/gcc/arm-none-eabi/4.8.4/../../../../arm-none-eabi/lib/armv6-m/crt0.o
                0x00000470                _mainCRTStartup
                0x00000470                _start
 .text          0x000004e8       0x34 ./Project_Settings/Startup_Code/startup_MKL05Z4.o
                0x000004e8                Reset_Handler
                0x00000514                I2C0_IRQHandler
                0x00000514                HardFault_Handler
                0x00000514                SysTick_Handler
                0x00000514                PendSV_Handler
                0x00000514                NMI_Handler
                0x00000514                DMA2_IRQHandler
                0x00000514                Reserved29_IRQHandler
                0x00000514                TPM0_IRQHandler
                0x00000514                LLWU_IRQHandler
                0x00000514                TSI0_IRQHandler
                0x00000514                UART0_IRQHandler
                0x00000514                ADC0_IRQHandler
                0x00000514                Reserved39_IRQHandler
                0x00000514                DefaultISR
                0x00000514                Reserved25_IRQHandler
                0x00000514                Reserved27_IRQHandler
                0x00000514                RTC_Seconds_IRQHandler
                0x00000514                MCG_IRQHandler
                0x00000514                Reserved35_IRQHandler
                0x00000514                Reserved20_IRQHandler
                0x00000514                PIT_IRQHandler
                0x00000514                SVC_Handler
                0x00000514                DMA3_IRQHandler
                0x00000514                DMA0_IRQHandler
                0x00000514                DAC0_IRQHandler
                0x00000514                Reserved45_IRQHandler
                0x00000514                Reserved30_IRQHandler
                0x00000514                TPM1_IRQHandler
                0x00000514                LVD_LVW_IRQHandler
                0x00000514                SPI0_IRQHandler
                0x00000514                PORTA_IRQHandler
                0x00000514                FTFA_IRQHandler
                0x00000514                Reserved40_IRQHandler
                0x00000514                LPTMR0_IRQHandler
                0x00000514                CMP0_IRQHandler
                0x00000514                DMA1_IRQHandler
 *(.text*)
 .text.NVIC_EnableIRQ
                0x0000051c       0x2c ./Sources/gpio.o
 .text.NVIC_DisableIRQ
                0x00000548       0x2c ./Sources/gpio.o
 .text.NVIC_ClearPendingIRQ
                0x00000574       0x2c ./Sources/gpio.o
 .text.gpio_init
                0x000005a0       0xb8 ./Sources/gpio.o
                0x000005a0                gpio_init
 .text.NVIC_EnableIRQ
                0x00000658       0x2c ./Sources/main.o
 .text.NVIC_DisableIRQ
                0x00000684       0x2c ./Sources/main.o
 .text.NVIC_ClearPendingIRQ
                0x000006b0       0x2c ./Sources/main.o
 .text.show     0x000006dc       0x44 ./Sources/main.o
 .text.active_wait
                0x00000720       0x20 ./Sources/main.o
 .text.rtc_tick
                0x00000740       0x30 ./Sources/main.o
 .text.main     0x00000770       0x10 ./Sources/main.o
                0x00000770                main
 .text.RTC_IRQHandler
                0x00000780       0x24 ./Sources/main.o
                0x00000780                RTC_IRQHandler
 .text.PORTB_IRQHandler
                0x000007a4       0x24 ./Sources/main.o
                0x000007a4                PORTB_IRQHandler
 .text.btn_change
                0x000007c8       0x5c ./Sources/main.o
 .text.display  0x00000824       0x44 ./Sources/main.o
 .text.short_press
                0x00000868       0x48 ./Sources/main.o
 .text.long_press
                0x000008b0       0x6c ./Sources/main.o
 .text.clock_tick
                0x0000091c       0x8c ./Sources/main.o
 .text.clock_truncate
                0x000009a8       0x54 ./Sources/main.o
 .text.bright_wait
                0x000009fc       0x38 ./Sources/main.o
 .text.init     0x00000a34       0x20 ./Sources/main.o
 .text.show_time
                0x00000a54       0x6c ./Sources/main.o
 .text.show_err
                0x00000ac0       0x5c ./Sources/main.o
 .text.NVIC_EnableIRQ
                0x00000b1c       0x2c ./Sources/rtc.o
 .text.NVIC_ClearPendingIRQ
                0x00000b48       0x2c ./Sources/rtc.o
 .text.rtc_init
                0x00000b74       0x68 ./Sources/rtc.o
                0x00000b74                rtc_init
 .text.SystemInit
                0x00000bdc       0x18 ./Project_Settings/Startup_Code/system_MKL05Z4.o
                0x00000bdc                SystemInit
 .text.exit     0x00000bf4       0x2c /opt/Freescale/KDS_v3/toolchain/bin/../lib/gcc/arm-none-eabi/4.8.4/../../../../arm-none-eabi/lib/armv6-m/libg_s.a(lib_a-exit.o)
                0x00000bf4                exit
 .text.__libc_init_array
                0x00000c20       0x4c /opt/Freescale/KDS_v3/toolchain/bin/../lib/gcc/arm-none-eabi/4.8.4/../../../../arm-none-eabi/lib/armv6-m/libg_s.a(lib_a-init.o)
                0x00000c20                __libc_init_array
 .text.memset   0x00000c6c       0x10 /opt/Freescale/KDS_v3/toolchain/bin/../lib/gcc/arm-none-eabi/4.8.4/../../../../arm-none-eabi/lib/armv6-m/libg_s.a(lib_a-memset.o)
                0x00000c6c                memset
 .text._exit    0x00000c7c        0x4 /opt/Freescale/KDS_v3/toolchain/bin/../lib/gcc/arm-none-eabi/4.8.4/../../../../arm-none-eabi/lib/armv6-m/libnosys.a(_exit.o)
                0x00000c7c                _exit
 *(.rodata)
 *(.rodata*)
 .rodata.DISPLAY
                0x00000c80        0x8 ./Sources/main.o
 .rodata.DIGIT  0x00000c88       0x14 ./Sources/main.o
 .rodata.str1.1
                0x00000c9c        0x2 /opt/Freescale/KDS_v3/toolchain/bin/../lib/gcc/arm-none-eabi/4.8.4/../../../../arm-none-eabi/lib/armv6-m/libg_s.a(lib_a-impure.o)
 *fill*         0x00000c9e        0x2 
 .rodata._global_impure_ptr
                0x00000ca0        0x4 /opt/Freescale/KDS_v3/toolchain/bin/../lib/gcc/arm-none-eabi/4.8.4/../../../../arm-none-eabi/lib/armv6-m/libg_s.a(lib_a-impure.o)
                0x00000ca0                _global_impure_ptr
 *(.glue_7)
 .glue_7        0x00000000        0x0 linker stubs
 *(.glue_7t)
 .glue_7t       0x00000000        0x0 linker stubs
 *(.eh_frame)
 .eh_frame      0x00000ca4        0x0 /opt/Freescale/KDS_v3/toolchain/bin/../lib/gcc/arm-none-eabi/4.8.4/armv6-m/crtbegin.o
 *(.init)
 .init          0x00000ca4        0x4 /opt/Freescale/KDS_v3/toolchain/bin/../lib/gcc/arm-none-eabi/4.8.4/armv6-m/crti.o
                0x00000ca4                _init
 .init          0x00000ca8        0x8 /opt/Freescale/KDS_v3/toolchain/bin/../lib/gcc/arm-none-eabi/4.8.4/armv6-m/crtn.o
 *(.fini)
 .fini          0x00000cb0        0x4 /opt/Freescale/KDS_v3/toolchain/bin/../lib/gcc/arm-none-eabi/4.8.4/armv6-m/crti.o
                0x00000cb0                _fini
 .fini          0x00000cb4        0x8 /opt/Freescale/KDS_v3/toolchain/bin/../lib/gcc/arm-none-eabi/4.8.4/armv6-m/crtn.o
                0x00000cbc                . = ALIGN (0x4)

.vfp11_veneer   0x00000cbc        0x0
 .vfp11_veneer  0x00000000        0x0 linker stubs

.v4_bx          0x00000cbc        0x0
 .v4_bx         0x00000000        0x0 linker stubs

.iplt           0x00000cbc        0x0
 .iplt          0x00000000        0x0 /opt/Freescale/KDS_v3/toolchain/bin/../lib/gcc/arm-none-eabi/4.8.4/armv6-m/crtbegin.o

.ARM.extab
 *(.ARM.extab* .gnu.linkonce.armextab.*)

.ARM            0x00000cbc        0x8
                0x00000cbc                __exidx_start = .
 *(.ARM.exidx*)
 .ARM.exidx     0x00000cbc        0x8 /opt/Freescale/KDS_v3/toolchain/bin/../lib/gcc/arm-none-eabi/4.8.4/../../../../arm-none-eabi/lib/armv6-m/crt0.o
                0x00000cc4                __exidx_end = .

.rel.dyn        0x00000cc4        0x0
 .rel.iplt      0x00000000        0x0 /opt/Freescale/KDS_v3/toolchain/bin/../lib/gcc/arm-none-eabi/4.8.4/armv6-m/crtbegin.o

.ctors          0x00000cc4        0x0
                0x00000cc4                __CTOR_LIST__ = .
 *crtbegin.o(.ctors)
 *crtbegin?.o(.ctors)
 *(EXCLUDE_FILE(*crtend.o *crtend?.o) .ctors)
 *(SORT(.ctors.*))
 *(.ctors)
                0x00000cc4                __CTOR_END__ = .

.dtors          0x00000cc4        0x0
                0x00000cc4                __DTOR_LIST__ = .
 *crtbegin.o(.dtors)
 *crtbegin?.o(.dtors)
 *(EXCLUDE_FILE(*crtend.o *crtend?.o) .dtors)
 *(SORT(.dtors.*))
 *(.dtors)
                0x00000cc4                __DTOR_END__ = .

.preinit_array  0x00000cc4        0x0
                0x00000cc4                PROVIDE (__preinit_array_start, .)
 *(.preinit_array*)
                0x00000cc4                PROVIDE (__preinit_array_end, .)

.init_array     0x00000cc4        0x4
                0x00000cc4                PROVIDE (__init_array_start, .)
 *(SORT(.init_array.*))
 *(.init_array*)
 .init_array    0x00000cc4        0x4 /opt/Freescale/KDS_v3/toolchain/bin/../lib/gcc/arm-none-eabi/4.8.4/armv6-m/crtbegin.o
                0x00000cc8                PROVIDE (__init_array_end, .)

.fini_array     0x00000cc8        0x4
                0x00000cc8                PROVIDE (__fini_array_start, .)
 *(SORT(.fini_array.*))
 *(.fini_array*)
 .fini_array    0x00000cc8        0x4 /opt/Freescale/KDS_v3/toolchain/bin/../lib/gcc/arm-none-eabi/4.8.4/armv6-m/crtbegin.o
                0x00000ccc                PROVIDE (__fini_array_end, .)
                0x00000ccc                __etext = .
                0x00000ccc                __DATA_ROM = .

.mtb            0x1ffffc00        0x0
                0x1ffffc00                . = ALIGN (0x8)
                0x1ffffc00                _mtb_start = .
 *(.mtb_buf)
                0x1ffffc00                . = ALIGN (0x8)
                0x1ffffc00                _mtb_end = .

.data           0x1ffffc00       0x78 load address 0x00000ccc
                0x1ffffc00                . = ALIGN (0x4)
                0x1ffffc00                __DATA_RAM = .
                0x1ffffc00                __data_start__ = .
 *(.data)
 *(.data*)
 .data.time     0x1ffffc00       0x10 ./Sources/main.o
 .data.brightness
                0x1ffffc10        0x4 ./Sources/main.o
 .data.impure_data
                0x1ffffc14       0x60 /opt/Freescale/KDS_v3/toolchain/bin/../lib/gcc/arm-none-eabi/4.8.4/../../../../arm-none-eabi/lib/armv6-m/libg_s.a(lib_a-impure.o)
 *(.jcr*)
 .jcr           0x1ffffc74        0x0 /opt/Freescale/KDS_v3/toolchain/bin/../lib/gcc/arm-none-eabi/4.8.4/armv6-m/crtbegin.o
 .jcr           0x1ffffc74        0x4 /opt/Freescale/KDS_v3/toolchain/bin/../lib/gcc/arm-none-eabi/4.8.4/armv6-m/crtend.o
                0x1ffffc78                . = ALIGN (0x4)
                0x1ffffc78                __data_end__ = .
                0x00000d44                __DATA_END = (__DATA_ROM + (__data_end__ - __data_start__))

.igot.plt       0x1ffffc78        0x0 load address 0x00000d44
 .igot.plt      0x00000000        0x0 /opt/Freescale/KDS_v3/toolchain/bin/../lib/gcc/arm-none-eabi/4.8.4/armv6-m/crtbegin.o

.bss            0x1ffffc78       0x20 load address 0x00000d44
                0x1ffffc78                . = ALIGN (0x4)
                0x1ffffc78                __START_BSS = .
                0x1ffffc78                __bss_start__ = .
 *(.bss)
 .bss           0x1ffffc78       0x1c /opt/Freescale/KDS_v3/toolchain/bin/../lib/gcc/arm-none-eabi/4.8.4/armv6-m/crtbegin.o
 *(.bss*)
 .bss.state     0x1ffffc94        0x2 ./Sources/main.o
 *(COMMON)
                0x1ffffc98                . = ALIGN (0x4)
 *fill*         0x1ffffc96        0x2 
                0x1ffffc98                __bss_end__ = .
                0x1ffffc98                __END_BSS = .

.heap           0x1ffffc98      0x200 load address 0x00000d64
                0x1ffffc98                . = ALIGN (0x8)
                0x1ffffc98                __end__ = .
                0x1ffffc98                PROVIDE (end, .)
                0x1ffffc98                __HeapBase = .
                0x1ffffe98                . = (. + HEAP_SIZE)
 *fill*         0x1ffffc98      0x200 
                0x1ffffe98                __HeapLimit = .

.stack          0x1ffffe98      0x100 load address 0x00000f64
                0x1ffffe98                . = ALIGN (0x8)
                0x1fffff98                . = (. + STACK_SIZE)
 *fill*         0x1ffffe98      0x100 
                0x20000c00                __StackTop = (ORIGIN (m_data) + 0x1000)
                0x20000b00                __StackLimit = (__StackTop - STACK_SIZE)
                0x20000c00                PROVIDE (__stack, __StackTop)

.ARM.attributes
                0x00000000       0x28
 *(.ARM.attributes)
 .ARM.attributes
                0x00000000       0x1e /opt/Freescale/KDS_v3/toolchain/bin/../lib/gcc/arm-none-eabi/4.8.4/armv6-m/crti.o
 .ARM.attributes
                0x0000001e       0x2c /opt/Freescale/KDS_v3/toolchain/bin/../lib/gcc/arm-none-eabi/4.8.4/armv6-m/crtbegin.o
 .ARM.attributes
                0x0000004a       0x1b /opt/Freescale/KDS_v3/toolchain/bin/../lib/gcc/arm-none-eabi/4.8.4/../../../../arm-none-eabi/lib/armv6-m/crt0.o
 .ARM.attributes
                0x00000065       0x32 ./Sources/gpio.o
 .ARM.attributes
                0x00000097       0x32 ./Sources/main.o
 .ARM.attributes
                0x000000c9       0x32 ./Sources/rtc.o
 .ARM.attributes
                0x000000fb       0x1b ./Project_Settings/Startup_Code/startup_MKL05Z4.o
 .ARM.attributes
                0x00000116       0x32 ./Project_Settings/Startup_Code/system_MKL05Z4.o
 .ARM.attributes
                0x00000148       0x2c /opt/Freescale/KDS_v3/toolchain/bin/../lib/gcc/arm-none-eabi/4.8.4/../../../../arm-none-eabi/lib/armv6-m/libg_s.a(lib_a-exit.o)
 .ARM.attributes
                0x00000174       0x2c /opt/Freescale/KDS_v3/toolchain/bin/../lib/gcc/arm-none-eabi/4.8.4/../../../../arm-none-eabi/lib/armv6-m/libg_s.a(lib_a-impure.o)
 .ARM.attributes
                0x000001a0       0x2c /opt/Freescale/KDS_v3/toolchain/bin/../lib/gcc/arm-none-eabi/4.8.4/../../../../arm-none-eabi/lib/armv6-m/libg_s.a(lib_a-init.o)
 .ARM.attributes
                0x000001cc       0x2c /opt/Freescale/KDS_v3/toolchain/bin/../lib/gcc/arm-none-eabi/4.8.4/../../../../arm-none-eabi/lib/armv6-m/libg_s.a(lib_a-memset.o)
 .ARM.attributes
                0x000001f8       0x2c /opt/Freescale/KDS_v3/toolchain/bin/../lib/gcc/arm-none-eabi/4.8.4/../../../../arm-none-eabi/lib/armv6-m/libnosys.a(_exit.o)
 .ARM.attributes
                0x00000224       0x2c /opt/Freescale/KDS_v3/toolchain/bin/../lib/gcc/arm-none-eabi/4.8.4/armv6-m/crtend.o
 .ARM.attributes
                0x00000250       0x1e /opt/Freescale/KDS_v3/toolchain/bin/../lib/gcc/arm-none-eabi/4.8.4/armv6-m/crtn.o
                0x00000001                ASSERT ((__StackLimit >= __HeapLimit), region m_data overflowed with stack and heap)
OUTPUT(imp-watch.elf elf32-littlearm)

.debug_info     0x00000000     0x1afe
 .debug_info    0x00000000      0x738 ./Sources/gpio.o
 .debug_info    0x00000738      0xa19 ./Sources/main.o
 .debug_info    0x00001151      0x567 ./Sources/rtc.o
 .debug_info    0x000016b8       0x8a ./Project_Settings/Startup_Code/startup_MKL05Z4.o
 .debug_info    0x00001742      0x3bc ./Project_Settings/Startup_Code/system_MKL05Z4.o

.debug_abbrev   0x00000000      0x549
 .debug_abbrev  0x00000000      0x139 ./Sources/gpio.o
 .debug_abbrev  0x00000139      0x1d6 ./Sources/main.o
 .debug_abbrev  0x0000030f      0x11d ./Sources/rtc.o
 .debug_abbrev  0x0000042c       0x14 ./Project_Settings/Startup_Code/startup_MKL05Z4.o
 .debug_abbrev  0x00000440      0x109 ./Project_Settings/Startup_Code/system_MKL05Z4.o

.debug_aranges  0x00000000      0x170
 .debug_aranges
                0x00000000       0x38 ./Sources/gpio.o
 .debug_aranges
                0x00000038       0xc0 ./Sources/main.o
 .debug_aranges
                0x000000f8       0x30 ./Sources/rtc.o
 .debug_aranges
                0x00000128       0x20 ./Project_Settings/Startup_Code/startup_MKL05Z4.o
 .debug_aranges
                0x00000148       0x28 ./Project_Settings/Startup_Code/system_MKL05Z4.o

.debug_ranges   0x00000000      0x110
 .debug_ranges  0x00000000       0x28 ./Sources/gpio.o
 .debug_ranges  0x00000028       0xb0 ./Sources/main.o
 .debug_ranges  0x000000d8       0x20 ./Sources/rtc.o
 .debug_ranges  0x000000f8       0x18 ./Project_Settings/Startup_Code/system_MKL05Z4.o

.debug_macro    0x00000000     0x7e39
 .debug_macro   0x00000000       0x96 ./Sources/gpio.o
 .debug_macro   0x00000096      0x80e ./Sources/gpio.o
 .debug_macro   0x000008a4       0x16 ./Sources/gpio.o
 .debug_macro   0x000008ba       0x16 ./Sources/gpio.o
 .debug_macro   0x000008d0       0x44 ./Sources/gpio.o
 .debug_macro   0x00000914      0x209 ./Sources/gpio.o
 .debug_macro   0x00000b1d       0x3a ./Sources/gpio.o
 .debug_macro   0x00000b57       0x3a ./Sources/gpio.o
 .debug_macro   0x00000b91       0x26 ./Sources/gpio.o
 .debug_macro   0x00000bb7      0x306 ./Sources/gpio.o
 .debug_macro   0x00000ebd       0x57 ./Sources/gpio.o
 .debug_macro   0x00000f14     0x62f9 ./Sources/gpio.o
 .debug_macro   0x0000720d       0x10 ./Sources/gpio.o
 .debug_macro   0x0000721d       0xf8 ./Sources/main.o
 .debug_macro   0x00007315       0x10 ./Sources/main.o
 .debug_macro   0x00007325       0x22 ./Sources/main.o
 .debug_macro   0x00007347      0x16d ./Sources/main.o
 .debug_macro   0x000074b4       0x10 ./Sources/main.o
 .debug_macro   0x000074c4       0xa9 ./Sources/rtc.o
 .debug_macro   0x0000756d       0x7e ./Project_Settings/Startup_Code/system_MKL05Z4.o
 .debug_macro   0x000075eb      0x802 ./Project_Settings/Startup_Code/system_MKL05Z4.o
 .debug_macro   0x00007ded       0x4c ./Project_Settings/Startup_Code/system_MKL05Z4.o

.debug_line     0x00000000      0xb52
 .debug_line    0x00000000      0x223 ./Sources/gpio.o
 .debug_line    0x00000223      0x453 ./Sources/main.o
 .debug_line    0x00000676      0x21f ./Sources/rtc.o
 .debug_line    0x00000895       0x7b ./Project_Settings/Startup_Code/startup_MKL05Z4.o
 .debug_line    0x00000910      0x242 ./Project_Settings/Startup_Code/system_MKL05Z4.o

.debug_str      0x00000000    0x26e7e
 .debug_str     0x00000000    0x267cf ./Sources/gpio.o
                              0x26bf7 (size before relaxing)
 .debug_str     0x000267cf      0x52a ./Sources/main.o
                              0x2718b (size before relaxing)
 .debug_str     0x00026cf9       0x1a ./Sources/rtc.o
                              0x26ae9 (size before relaxing)
 .debug_str     0x00026d13      0x16b ./Project_Settings/Startup_Code/system_MKL05Z4.o
                              0x26862 (size before relaxing)

.comment        0x00000000       0x70
 .comment       0x00000000       0x70 ./Sources/gpio.o
                                 0x71 (size before relaxing)
 .comment       0x00000000       0x71 ./Sources/main.o
 .comment       0x00000000       0x71 ./Sources/rtc.o
 .comment       0x00000000       0x71 ./Project_Settings/Startup_Code/system_MKL05Z4.o

.debug_frame    0x00000000      0x454
 .debug_frame   0x00000000       0x8c ./Sources/gpio.o
 .debug_frame   0x0000008c      0x27c ./Sources/main.o
 .debug_frame   0x00000308       0x6c ./Sources/rtc.o
 .debug_frame   0x00000374       0x4c ./Project_Settings/Startup_Code/system_MKL05Z4.o
 .debug_frame   0x000003c0       0x28 /opt/Freescale/KDS_v3/toolchain/bin/../lib/gcc/arm-none-eabi/4.8.4/../../../../arm-none-eabi/lib/armv6-m/libg_s.a(lib_a-exit.o)
 .debug_frame   0x000003e8       0x2c /opt/Freescale/KDS_v3/toolchain/bin/../lib/gcc/arm-none-eabi/4.8.4/../../../../arm-none-eabi/lib/armv6-m/libg_s.a(lib_a-init.o)
 .debug_frame   0x00000414       0x20 /opt/Freescale/KDS_v3/toolchain/bin/../lib/gcc/arm-none-eabi/4.8.4/../../../../arm-none-eabi/lib/armv6-m/libg_s.a(lib_a-memset.o)
 .debug_frame   0x00000434       0x20 /opt/Freescale/KDS_v3/toolchain/bin/../lib/gcc/arm-none-eabi/4.8.4/../../../../arm-none-eabi/lib/armv6-m/libnosys.a(_exit.o)
