Archive member included because of file (symbol)

/opt/Freescale/KDS_v3/toolchain/bin/../lib/gcc/arm-none-eabi/4.8.4/armv6-m/libgcc.a(_udivsi3.o)
                              ./Project_Settings/Startup_Code/system_MKL05Z4.o (__aeabi_uidiv)
/opt/Freescale/KDS_v3/toolchain/bin/../lib/gcc/arm-none-eabi/4.8.4/armv6-m/libgcc.a(_dvmd_tls.o)
                              /opt/Freescale/KDS_v3/toolchain/bin/../lib/gcc/arm-none-eabi/4.8.4/armv6-m/libgcc.a(_udivsi3.o) (__aeabi_idiv0)
/opt/Freescale/KDS_v3/toolchain/bin/../lib/gcc/arm-none-eabi/4.8.4/../../../../arm-none-eabi/lib/armv6-m/libg_s.a(lib_a-exit.o)
                              /opt/Freescale/KDS_v3/toolchain/bin/../lib/gcc/arm-none-eabi/4.8.4/../../../../arm-none-eabi/lib/armv6-m/crt0.o (exit)
/opt/Freescale/KDS_v3/toolchain/bin/../lib/gcc/arm-none-eabi/4.8.4/../../../../arm-none-eabi/lib/armv6-m/libg_s.a(lib_a-impure.o)
                              /opt/Freescale/KDS_v3/toolchain/bin/../lib/gcc/arm-none-eabi/4.8.4/../../../../arm-none-eabi/lib/armv6-m/libg_s.a(lib_a-exit.o) (_global_impure_ptr)
/opt/Freescale/KDS_v3/toolchain/bin/../lib/gcc/arm-none-eabi/4.8.4/../../../../arm-none-eabi/lib/armv6-m/libg_s.a(lib_a-init.o)
                              /opt/Freescale/KDS_v3/toolchain/bin/../lib/gcc/arm-none-eabi/4.8.4/../../../../arm-none-eabi/lib/armv6-m/crt0.o (__libc_init_array)
/opt/Freescale/KDS_v3/toolchain/bin/../lib/gcc/arm-none-eabi/4.8.4/../../../../arm-none-eabi/lib/armv6-m/libg_s.a(lib_a-memset.o)
                              /opt/Freescale/KDS_v3/toolchain/bin/../lib/gcc/arm-none-eabi/4.8.4/../../../../arm-none-eabi/lib/armv6-m/crt0.o (memset)
/opt/Freescale/KDS_v3/toolchain/bin/../lib/gcc/arm-none-eabi/4.8.4/../../../../arm-none-eabi/lib/armv6-m/libnosys.a(_exit.o)
                              /opt/Freescale/KDS_v3/toolchain/bin/../lib/gcc/arm-none-eabi/4.8.4/../../../../arm-none-eabi/lib/armv6-m/libg_s.a(lib_a-exit.o) (_exit)

Discarded input sections

 .text          0x00000000        0x0 /opt/Freescale/KDS_v3/toolchain/bin/../lib/gcc/arm-none-eabi/4.8.4/armv6-m/crti.o
 .data          0x00000000        0x0 /opt/Freescale/KDS_v3/toolchain/bin/../lib/gcc/arm-none-eabi/4.8.4/armv6-m/crti.o
 .bss           0x00000000        0x0 /opt/Freescale/KDS_v3/toolchain/bin/../lib/gcc/arm-none-eabi/4.8.4/armv6-m/crti.o
 .data          0x00000000        0x4 /opt/Freescale/KDS_v3/toolchain/bin/../lib/gcc/arm-none-eabi/4.8.4/armv6-m/crtbegin.o
 .data          0x00000000        0x0 /opt/Freescale/KDS_v3/toolchain/bin/../lib/gcc/arm-none-eabi/4.8.4/../../../../arm-none-eabi/lib/armv6-m/crt0.o
 .bss           0x00000000        0x0 /opt/Freescale/KDS_v3/toolchain/bin/../lib/gcc/arm-none-eabi/4.8.4/../../../../arm-none-eabi/lib/armv6-m/crt0.o
 .ARM.extab     0x00000000        0x0 /opt/Freescale/KDS_v3/toolchain/bin/../lib/gcc/arm-none-eabi/4.8.4/../../../../arm-none-eabi/lib/armv6-m/crt0.o
 .group         0x00000000        0x8 ./Sources/gpio.o
 .group         0x00000000        0x8 ./Sources/gpio.o
 .group         0x00000000        0x8 ./Sources/gpio.o
 .group         0x00000000        0x8 ./Sources/gpio.o
 .group         0x00000000        0x8 ./Sources/gpio.o
 .group         0x00000000        0x8 ./Sources/gpio.o
 .group         0x00000000        0x8 ./Sources/gpio.o
 .group         0x00000000        0x8 ./Sources/gpio.o
 .group         0x00000000        0x8 ./Sources/gpio.o
 .group         0x00000000        0x8 ./Sources/gpio.o
 .group         0x00000000        0x8 ./Sources/gpio.o
 .text          0x00000000        0x0 ./Sources/gpio.o
 .data          0x00000000        0x0 ./Sources/gpio.o
 .bss           0x00000000        0x0 ./Sources/gpio.o
 .rodata.DIGIT  0x00000000       0x14 ./Sources/gpio.o
 .group         0x00000000        0x8 ./Sources/main.o
 .group         0x00000000        0x8 ./Sources/main.o
 .group         0x00000000        0x8 ./Sources/main.o
 .group         0x00000000        0x8 ./Sources/main.o
 .group         0x00000000        0x8 ./Sources/main.o
 .group         0x00000000        0x8 ./Sources/main.o
 .group         0x00000000        0x8 ./Sources/main.o
 .group         0x00000000        0x8 ./Sources/main.o
 .group         0x00000000        0x8 ./Sources/main.o
 .group         0x00000000        0x8 ./Sources/main.o
 .group         0x00000000        0x8 ./Sources/main.o
 .group         0x00000000        0x8 ./Sources/main.o
 .group         0x00000000        0x8 ./Sources/main.o
 .group         0x00000000        0x8 ./Sources/main.o
 .text          0x00000000        0x0 ./Sources/main.o
 .data          0x00000000        0x0 ./Sources/main.o
 .bss           0x00000000        0x0 ./Sources/main.o
 .text.endless_error
                0x00000000       0x64 ./Sources/main.o
 .debug_macro   0x00000000      0x80e ./Sources/main.o
 .debug_macro   0x00000000       0x16 ./Sources/main.o
 .debug_macro   0x00000000       0x16 ./Sources/main.o
 .debug_macro   0x00000000       0x44 ./Sources/main.o
 .debug_macro   0x00000000      0x209 ./Sources/main.o
 .debug_macro   0x00000000       0x3a ./Sources/main.o
 .debug_macro   0x00000000       0x3a ./Sources/main.o
 .debug_macro   0x00000000       0x26 ./Sources/main.o
 .debug_macro   0x00000000      0x306 ./Sources/main.o
 .debug_macro   0x00000000       0x57 ./Sources/main.o
 .debug_macro   0x00000000     0x62f9 ./Sources/main.o
 .group         0x00000000        0x8 ./Sources/rtc.o
 .group         0x00000000        0x8 ./Sources/rtc.o
 .group         0x00000000        0x8 ./Sources/rtc.o
 .group         0x00000000        0x8 ./Sources/rtc.o
 .group         0x00000000        0x8 ./Sources/rtc.o
 .group         0x00000000        0x8 ./Sources/rtc.o
 .group         0x00000000        0x8 ./Sources/rtc.o
 .group         0x00000000        0x8 ./Sources/rtc.o
 .group         0x00000000        0x8 ./Sources/rtc.o
 .group         0x00000000        0x8 ./Sources/rtc.o
 .group         0x00000000        0x8 ./Sources/rtc.o
 .group         0x00000000        0x8 ./Sources/rtc.o
 .text          0x00000000        0x0 ./Sources/rtc.o
 .data          0x00000000        0x0 ./Sources/rtc.o
 .bss           0x00000000        0x0 ./Sources/rtc.o
 .debug_macro   0x00000000      0x80e ./Sources/rtc.o
 .debug_macro   0x00000000       0x10 ./Sources/rtc.o
 .debug_macro   0x00000000       0x16 ./Sources/rtc.o
 .debug_macro   0x00000000       0x16 ./Sources/rtc.o
 .debug_macro   0x00000000       0x44 ./Sources/rtc.o
 .debug_macro   0x00000000      0x209 ./Sources/rtc.o
 .debug_macro   0x00000000       0x3a ./Sources/rtc.o
 .debug_macro   0x00000000       0x3a ./Sources/rtc.o
 .debug_macro   0x00000000       0x26 ./Sources/rtc.o
 .debug_macro   0x00000000      0x306 ./Sources/rtc.o
 .debug_macro   0x00000000       0x57 ./Sources/rtc.o
 .debug_macro   0x00000000     0x62f9 ./Sources/rtc.o
 .data          0x00000000        0x0 ./Project_Settings/Startup_Code/startup_MKL05Z4.o
 .bss           0x00000000        0x0 ./Project_Settings/Startup_Code/startup_MKL05Z4.o
 .group         0x00000000        0x8 ./Project_Settings/Startup_Code/system_MKL05Z4.o
 .group         0x00000000        0x8 ./Project_Settings/Startup_Code/system_MKL05Z4.o
 .group         0x00000000        0x8 ./Project_Settings/Startup_Code/system_MKL05Z4.o
 .group         0x00000000        0x8 ./Project_Settings/Startup_Code/system_MKL05Z4.o
 .group         0x00000000        0x8 ./Project_Settings/Startup_Code/system_MKL05Z4.o
 .group         0x00000000        0x8 ./Project_Settings/Startup_Code/system_MKL05Z4.o
 .group         0x00000000        0x8 ./Project_Settings/Startup_Code/system_MKL05Z4.o
 .group         0x00000000        0x8 ./Project_Settings/Startup_Code/system_MKL05Z4.o
 .group         0x00000000        0x8 ./Project_Settings/Startup_Code/system_MKL05Z4.o
 .group         0x00000000        0x8 ./Project_Settings/Startup_Code/system_MKL05Z4.o
 .text          0x00000000        0x0 ./Project_Settings/Startup_Code/system_MKL05Z4.o
 .data          0x00000000        0x0 ./Project_Settings/Startup_Code/system_MKL05Z4.o
 .bss           0x00000000        0x0 ./Project_Settings/Startup_Code/system_MKL05Z4.o
 .data.SystemCoreClock
                0x00000000        0x4 ./Project_Settings/Startup_Code/system_MKL05Z4.o
 .text.SystemCoreClockUpdate
                0x00000000      0x1e8 ./Project_Settings/Startup_Code/system_MKL05Z4.o
 .debug_macro   0x00000000       0x16 ./Project_Settings/Startup_Code/system_MKL05Z4.o
 .debug_macro   0x00000000       0x44 ./Project_Settings/Startup_Code/system_MKL05Z4.o
 .debug_macro   0x00000000      0x209 ./Project_Settings/Startup_Code/system_MKL05Z4.o
 .debug_macro   0x00000000       0x3a ./Project_Settings/Startup_Code/system_MKL05Z4.o
 .debug_macro   0x00000000       0x26 ./Project_Settings/Startup_Code/system_MKL05Z4.o
 .debug_macro   0x00000000      0x306 ./Project_Settings/Startup_Code/system_MKL05Z4.o
 .debug_macro   0x00000000       0x57 ./Project_Settings/Startup_Code/system_MKL05Z4.o
 .debug_macro   0x00000000     0x62f9 ./Project_Settings/Startup_Code/system_MKL05Z4.o
 .text          0x00000000       0x9c /opt/Freescale/KDS_v3/toolchain/bin/../lib/gcc/arm-none-eabi/4.8.4/armv6-m/libgcc.a(_udivsi3.o)
 .data          0x00000000        0x0 /opt/Freescale/KDS_v3/toolchain/bin/../lib/gcc/arm-none-eabi/4.8.4/armv6-m/libgcc.a(_udivsi3.o)
 .bss           0x00000000        0x0 /opt/Freescale/KDS_v3/toolchain/bin/../lib/gcc/arm-none-eabi/4.8.4/armv6-m/libgcc.a(_udivsi3.o)
 .debug_frame   0x00000000       0x20 /opt/Freescale/KDS_v3/toolchain/bin/../lib/gcc/arm-none-eabi/4.8.4/armv6-m/libgcc.a(_udivsi3.o)
 .ARM.attributes
                0x00000000       0x1e /opt/Freescale/KDS_v3/toolchain/bin/../lib/gcc/arm-none-eabi/4.8.4/armv6-m/libgcc.a(_udivsi3.o)
 .text          0x00000000        0x4 /opt/Freescale/KDS_v3/toolchain/bin/../lib/gcc/arm-none-eabi/4.8.4/armv6-m/libgcc.a(_dvmd_tls.o)
 .data          0x00000000        0x0 /opt/Freescale/KDS_v3/toolchain/bin/../lib/gcc/arm-none-eabi/4.8.4/armv6-m/libgcc.a(_dvmd_tls.o)
 .bss           0x00000000        0x0 /opt/Freescale/KDS_v3/toolchain/bin/../lib/gcc/arm-none-eabi/4.8.4/armv6-m/libgcc.a(_dvmd_tls.o)
 .ARM.attributes
                0x00000000       0x1e /opt/Freescale/KDS_v3/toolchain/bin/../lib/gcc/arm-none-eabi/4.8.4/armv6-m/libgcc.a(_dvmd_tls.o)
 .text          0x00000000        0x0 /opt/Freescale/KDS_v3/toolchain/bin/../lib/gcc/arm-none-eabi/4.8.4/../../../../arm-none-eabi/lib/armv6-m/libg_s.a(lib_a-exit.o)
 .data          0x00000000        0x0 /opt/Freescale/KDS_v3/toolchain/bin/../lib/gcc/arm-none-eabi/4.8.4/../../../../arm-none-eabi/lib/armv6-m/libg_s.a(lib_a-exit.o)
 .bss           0x00000000        0x0 /opt/Freescale/KDS_v3/toolchain/bin/../lib/gcc/arm-none-eabi/4.8.4/../../../../arm-none-eabi/lib/armv6-m/libg_s.a(lib_a-exit.o)
 .text          0x00000000        0x0 /opt/Freescale/KDS_v3/toolchain/bin/../lib/gcc/arm-none-eabi/4.8.4/../../../../arm-none-eabi/lib/armv6-m/libg_s.a(lib_a-impure.o)
 .data          0x00000000        0x0 /opt/Freescale/KDS_v3/toolchain/bin/../lib/gcc/arm-none-eabi/4.8.4/../../../../arm-none-eabi/lib/armv6-m/libg_s.a(lib_a-impure.o)
 .bss           0x00000000        0x0 /opt/Freescale/KDS_v3/toolchain/bin/../lib/gcc/arm-none-eabi/4.8.4/../../../../arm-none-eabi/lib/armv6-m/libg_s.a(lib_a-impure.o)
 .data._impure_ptr
                0x00000000        0x4 /opt/Freescale/KDS_v3/toolchain/bin/../lib/gcc/arm-none-eabi/4.8.4/../../../../arm-none-eabi/lib/armv6-m/libg_s.a(lib_a-impure.o)
 .text          0x00000000        0x0 /opt/Freescale/KDS_v3/toolchain/bin/../lib/gcc/arm-none-eabi/4.8.4/../../../../arm-none-eabi/lib/armv6-m/libg_s.a(lib_a-init.o)
 .data          0x00000000        0x0 /opt/Freescale/KDS_v3/toolchain/bin/../lib/gcc/arm-none-eabi/4.8.4/../../../../arm-none-eabi/lib/armv6-m/libg_s.a(lib_a-init.o)
 .bss           0x00000000        0x0 /opt/Freescale/KDS_v3/toolchain/bin/../lib/gcc/arm-none-eabi/4.8.4/../../../../arm-none-eabi/lib/armv6-m/libg_s.a(lib_a-init.o)
 .text          0x00000000        0x0 /opt/Freescale/KDS_v3/toolchain/bin/../lib/gcc/arm-none-eabi/4.8.4/../../../../arm-none-eabi/lib/armv6-m/libg_s.a(lib_a-memset.o)
 .data          0x00000000        0x0 /opt/Freescale/KDS_v3/toolchain/bin/../lib/gcc/arm-none-eabi/4.8.4/../../../../arm-none-eabi/lib/armv6-m/libg_s.a(lib_a-memset.o)
 .bss           0x00000000        0x0 /opt/Freescale/KDS_v3/toolchain/bin/../lib/gcc/arm-none-eabi/4.8.4/../../../../arm-none-eabi/lib/armv6-m/libg_s.a(lib_a-memset.o)
 .text          0x00000000        0x0 /opt/Freescale/KDS_v3/toolchain/bin/../lib/gcc/arm-none-eabi/4.8.4/../../../../arm-none-eabi/lib/armv6-m/libnosys.a(_exit.o)
 .data          0x00000000        0x0 /opt/Freescale/KDS_v3/toolchain/bin/../lib/gcc/arm-none-eabi/4.8.4/../../../../arm-none-eabi/lib/armv6-m/libnosys.a(_exit.o)
 .bss           0x00000000        0x0 /opt/Freescale/KDS_v3/toolchain/bin/../lib/gcc/arm-none-eabi/4.8.4/../../../../arm-none-eabi/lib/armv6-m/libnosys.a(_exit.o)
 .text          0x00000000        0x0 /opt/Freescale/KDS_v3/toolchain/bin/../lib/gcc/arm-none-eabi/4.8.4/armv6-m/crtend.o
 .data          0x00000000        0x0 /opt/Freescale/KDS_v3/toolchain/bin/../lib/gcc/arm-none-eabi/4.8.4/armv6-m/crtend.o
 .bss           0x00000000        0x0 /opt/Freescale/KDS_v3/toolchain/bin/../lib/gcc/arm-none-eabi/4.8.4/armv6-m/crtend.o
 .eh_frame      0x00000000        0x4 /opt/Freescale/KDS_v3/toolchain/bin/../lib/gcc/arm-none-eabi/4.8.4/armv6-m/crtend.o
 .text          0x00000000        0x0 /opt/Freescale/KDS_v3/toolchain/bin/../lib/gcc/arm-none-eabi/4.8.4/armv6-m/crtn.o
 .data          0x00000000        0x0 /opt/Freescale/KDS_v3/toolchain/bin/../lib/gcc/arm-none-eabi/4.8.4/armv6-m/crtn.o
 .bss           0x00000000        0x0 /opt/Freescale/KDS_v3/toolchain/bin/../lib/gcc/arm-none-eabi/4.8.4/armv6-m/crtn.o

Memory Configuration

Name             Origin             Length             Attributes
m_interrupts     0x00000000         0x00000100         xr
m_flash_config   0x00000400         0x00000010         xr
m_text           0x00000410         0x00007bf0         xr
m_data           0x1ffffc00         0x00001000         rw
*default*        0x00000000         0xffffffff

Linker script and memory map

LOAD /opt/Freescale/KDS_v3/toolchain/bin/../lib/gcc/arm-none-eabi/4.8.4/armv6-m/crti.o
LOAD /opt/Freescale/KDS_v3/toolchain/bin/../lib/gcc/arm-none-eabi/4.8.4/armv6-m/crtbegin.o
LOAD /opt/Freescale/KDS_v3/toolchain/bin/../lib/gcc/arm-none-eabi/4.8.4/../../../../arm-none-eabi/lib/armv6-m/crt0.o
LOAD ./Sources/gpio.o
LOAD ./Sources/main.o
LOAD ./Sources/rtc.o
LOAD ./Project_Settings/Startup_Code/startup_MKL05Z4.o
LOAD ./Project_Settings/Startup_Code/system_MKL05Z4.o
LOAD /opt/Freescale/KDS_v3/toolchain/bin/../lib/gcc/arm-none-eabi/4.8.4/../../../../arm-none-eabi/lib/armv6-m/libstdc++_s.a
LOAD /opt/Freescale/KDS_v3/toolchain/bin/../lib/gcc/arm-none-eabi/4.8.4/../../../../arm-none-eabi/lib/armv6-m/libm.a
START GROUP
LOAD /opt/Freescale/KDS_v3/toolchain/bin/../lib/gcc/arm-none-eabi/4.8.4/armv6-m/libgcc.a
LOAD /opt/Freescale/KDS_v3/toolchain/bin/../lib/gcc/arm-none-eabi/4.8.4/../../../../arm-none-eabi/lib/armv6-m/libg_s.a
LOAD /opt/Freescale/KDS_v3/toolchain/bin/../lib/gcc/arm-none-eabi/4.8.4/../../../../arm-none-eabi/lib/armv6-m/libc_s.a
END GROUP
START GROUP
LOAD /opt/Freescale/KDS_v3/toolchain/bin/../lib/gcc/arm-none-eabi/4.8.4/armv6-m/libgcc.a
LOAD /opt/Freescale/KDS_v3/toolchain/bin/../lib/gcc/arm-none-eabi/4.8.4/../../../../arm-none-eabi/lib/armv6-m/libc_s.a
LOAD /opt/Freescale/KDS_v3/toolchain/bin/../lib/gcc/arm-none-eabi/4.8.4/../../../../arm-none-eabi/lib/armv6-m/libnosys.a
END GROUP
START GROUP
LOAD /opt/Freescale/KDS_v3/toolchain/bin/../lib/gcc/arm-none-eabi/4.8.4/armv6-m/libgcc.a
LOAD /opt/Freescale/KDS_v3/toolchain/bin/../lib/gcc/arm-none-eabi/4.8.4/../../../../arm-none-eabi/lib/armv6-m/libc_s.a
LOAD /opt/Freescale/KDS_v3/toolchain/bin/../lib/gcc/arm-none-eabi/4.8.4/../../../../arm-none-eabi/lib/armv6-m/libnosys.a
END GROUP
LOAD /opt/Freescale/KDS_v3/toolchain/bin/../lib/gcc/arm-none-eabi/4.8.4/armv6-m/crtend.o
LOAD /opt/Freescale/KDS_v3/toolchain/bin/../lib/gcc/arm-none-eabi/4.8.4/armv6-m/crtn.o
                0x00000200                HEAP_SIZE = DEFINED (__heap_size__)?__heap_size__:0x200
                0x00000100                STACK_SIZE = DEFINED (__stack_size__)?__stack_size__:0x100

.interrupts     0x00000000       0xc0
                0x00000000                __VECTOR_TABLE = .
                0x00000000                . = ALIGN (0x4)
 *(.isr_vector)
 .isr_vector    0x00000000       0xc0 ./Project_Settings/Startup_Code/startup_MKL05Z4.o
                0x00000000                __isr_vector
                0x000000c0                . = ALIGN (0x4)

.flash_config   0x00000400       0x10
                0x00000400                . = ALIGN (0x4)
 *(.FlashConfig)
 .FlashConfig   0x00000400       0x10 ./Project_Settings/Startup_Code/startup_MKL05Z4.o
                0x00000410                . = ALIGN (0x4)

.text           0x00000410      0x54c
                0x00000410                . = ALIGN (0x4)
 *(.text)
 .text          0x00000410       0x60 /opt/Freescale/KDS_v3/toolchain/bin/../lib/gcc/arm-none-eabi/4.8.4/armv6-m/crtbegin.o
 .text          0x00000470       0x78 /opt/Freescale/KDS_v3/toolchain/bin/../lib/gcc/arm-none-eabi/4.8.4/../../../../arm-none-eabi/lib/armv6-m/crt0.o
                0x00000470                _mainCRTStartup
                0x00000470                _start
 .text          0x000004e8       0x34 ./Project_Settings/Startup_Code/startup_MKL05Z4.o
                0x000004e8                Reset_Handler
                0x00000514                I2C0_IRQHandler
                0x00000514                HardFault_Handler
                0x00000514                SysTick_Handler
                0x00000514                PendSV_Handler
                0x00000514                NMI_Handler
                0x00000514                DMA2_IRQHandler
                0x00000514                Reserved29_IRQHandler
                0x00000514                TPM0_IRQHandler
                0x00000514                LLWU_IRQHandler
                0x00000514                TSI0_IRQHandler
                0x00000514                UART0_IRQHandler
                0x00000514                ADC0_IRQHandler
                0x00000514                Reserved39_IRQHandler
                0x00000514                DefaultISR
                0x00000514                Reserved25_IRQHandler
                0x00000514                PORTB_IRQHandler
                0x00000514                Reserved27_IRQHandler
                0x00000514                RTC_Seconds_IRQHandler
                0x00000514                MCG_IRQHandler
                0x00000514                Reserved35_IRQHandler
                0x00000514                Reserved20_IRQHandler
                0x00000514                PIT_IRQHandler
                0x00000514                SVC_Handler
                0x00000514                DMA3_IRQHandler
                0x00000514                DMA0_IRQHandler
                0x00000514                DAC0_IRQHandler
                0x00000514                Reserved45_IRQHandler
                0x00000514                Reserved30_IRQHandler
                0x00000514                TPM1_IRQHandler
                0x00000514                LVD_LVW_IRQHandler
                0x00000514                SPI0_IRQHandler
                0x00000514                PORTA_IRQHandler
                0x00000514                FTFA_IRQHandler
                0x00000514                Reserved40_IRQHandler
                0x00000514                LPTMR0_IRQHandler
                0x00000514                CMP0_IRQHandler
                0x00000514                DMA1_IRQHandler
 *(.text*)
 .text.gpio_init
                0x0000051c       0x9c ./Sources/gpio.o
                0x0000051c                gpio_init
 .text.show     0x000005b8       0x44 ./Sources/main.o
 .text.active_wait
                0x000005fc       0x20 ./Sources/main.o
 .text.main     0x0000061c        0xc ./Sources/main.o
                0x0000061c                main
 .text.RTC_IRQHandler
                0x00000628       0x24 ./Sources/main.o
                0x00000628                RTC_IRQHandler
 .text.clock_tick
                0x0000064c       0x98 ./Sources/main.o
 .text.bright_wait
                0x000006e4       0x38 ./Sources/main.o
 .text.init     0x0000071c       0x20 ./Sources/main.o
 .text.endless_time
                0x0000073c       0x88 ./Sources/main.o
 .text.NVIC_EnableIRQ
                0x000007c4       0x2c ./Sources/rtc.o
 .text.NVIC_ClearPendingIRQ
                0x000007f0       0x2c ./Sources/rtc.o
 .text.rtc_init
                0x0000081c       0x68 ./Sources/rtc.o
                0x0000081c                rtc_init
 .text.SystemInit
                0x00000884       0x18 ./Project_Settings/Startup_Code/system_MKL05Z4.o
                0x00000884                SystemInit
 .text.exit     0x0000089c       0x2c /opt/Freescale/KDS_v3/toolchain/bin/../lib/gcc/arm-none-eabi/4.8.4/../../../../arm-none-eabi/lib/armv6-m/libg_s.a(lib_a-exit.o)
                0x0000089c                exit
 .text.__libc_init_array
                0x000008c8       0x4c /opt/Freescale/KDS_v3/toolchain/bin/../lib/gcc/arm-none-eabi/4.8.4/../../../../arm-none-eabi/lib/armv6-m/libg_s.a(lib_a-init.o)
                0x000008c8                __libc_init_array
 .text.memset   0x00000914       0x10 /opt/Freescale/KDS_v3/toolchain/bin/../lib/gcc/arm-none-eabi/4.8.4/../../../../arm-none-eabi/lib/armv6-m/libg_s.a(lib_a-memset.o)
                0x00000914                memset
 .text._exit    0x00000924        0x4 /opt/Freescale/KDS_v3/toolchain/bin/../lib/gcc/arm-none-eabi/4.8.4/../../../../arm-none-eabi/lib/armv6-m/libnosys.a(_exit.o)
                0x00000924                _exit
 *(.rodata)
 *(.rodata*)
 .rodata.DIGIT  0x00000928       0x14 ./Sources/main.o
 .rodata.str1.1
                0x0000093c        0x2 /opt/Freescale/KDS_v3/toolchain/bin/../lib/gcc/arm-none-eabi/4.8.4/../../../../arm-none-eabi/lib/armv6-m/libg_s.a(lib_a-impure.o)
 *fill*         0x0000093e        0x2 
 .rodata._global_impure_ptr
                0x00000940        0x4 /opt/Freescale/KDS_v3/toolchain/bin/../lib/gcc/arm-none-eabi/4.8.4/../../../../arm-none-eabi/lib/armv6-m/libg_s.a(lib_a-impure.o)
                0x00000940                _global_impure_ptr
 *(.glue_7)
 .glue_7        0x00000000        0x0 linker stubs
 *(.glue_7t)
 .glue_7t       0x00000000        0x0 linker stubs
 *(.eh_frame)
 .eh_frame      0x00000944        0x0 /opt/Freescale/KDS_v3/toolchain/bin/../lib/gcc/arm-none-eabi/4.8.4/armv6-m/crtbegin.o
 *(.init)
 .init          0x00000944        0x4 /opt/Freescale/KDS_v3/toolchain/bin/../lib/gcc/arm-none-eabi/4.8.4/armv6-m/crti.o
                0x00000944                _init
 .init          0x00000948        0x8 /opt/Freescale/KDS_v3/toolchain/bin/../lib/gcc/arm-none-eabi/4.8.4/armv6-m/crtn.o
 *(.fini)
 .fini          0x00000950        0x4 /opt/Freescale/KDS_v3/toolchain/bin/../lib/gcc/arm-none-eabi/4.8.4/armv6-m/crti.o
                0x00000950                _fini
 .fini          0x00000954        0x8 /opt/Freescale/KDS_v3/toolchain/bin/../lib/gcc/arm-none-eabi/4.8.4/armv6-m/crtn.o
                0x0000095c                . = ALIGN (0x4)

.vfp11_veneer   0x0000095c        0x0
 .vfp11_veneer  0x00000000        0x0 linker stubs

.v4_bx          0x0000095c        0x0
 .v4_bx         0x00000000        0x0 linker stubs

.iplt           0x0000095c        0x0
 .iplt          0x00000000        0x0 /opt/Freescale/KDS_v3/toolchain/bin/../lib/gcc/arm-none-eabi/4.8.4/armv6-m/crtbegin.o

.ARM.extab
 *(.ARM.extab* .gnu.linkonce.armextab.*)

.ARM            0x0000095c        0x8
                0x0000095c                __exidx_start = .
 *(.ARM.exidx*)
 .ARM.exidx     0x0000095c        0x8 /opt/Freescale/KDS_v3/toolchain/bin/../lib/gcc/arm-none-eabi/4.8.4/../../../../arm-none-eabi/lib/armv6-m/crt0.o
                0x00000964                __exidx_end = .

.rel.dyn        0x00000964        0x0
 .rel.iplt      0x00000000        0x0 /opt/Freescale/KDS_v3/toolchain/bin/../lib/gcc/arm-none-eabi/4.8.4/armv6-m/crtbegin.o

.ctors          0x00000964        0x0
                0x00000964                __CTOR_LIST__ = .
 *crtbegin.o(.ctors)
 *crtbegin?.o(.ctors)
 *(EXCLUDE_FILE(*crtend.o *crtend?.o) .ctors)
 *(SORT(.ctors.*))
 *(.ctors)
                0x00000964                __CTOR_END__ = .

.dtors          0x00000964        0x0
                0x00000964                __DTOR_LIST__ = .
 *crtbegin.o(.dtors)
 *crtbegin?.o(.dtors)
 *(EXCLUDE_FILE(*crtend.o *crtend?.o) .dtors)
 *(SORT(.dtors.*))
 *(.dtors)
                0x00000964                __DTOR_END__ = .

.preinit_array  0x00000964        0x0
                0x00000964                PROVIDE (__preinit_array_start, .)
 *(.preinit_array*)
                0x00000964                PROVIDE (__preinit_array_end, .)

.init_array     0x00000964        0x4
                0x00000964                PROVIDE (__init_array_start, .)
 *(SORT(.init_array.*))
 *(.init_array*)
 .init_array    0x00000964        0x4 /opt/Freescale/KDS_v3/toolchain/bin/../lib/gcc/arm-none-eabi/4.8.4/armv6-m/crtbegin.o
                0x00000968                PROVIDE (__init_array_end, .)

.fini_array     0x00000968        0x4
                0x00000968                PROVIDE (__fini_array_start, .)
 *(SORT(.fini_array.*))
 *(.fini_array*)
 .fini_array    0x00000968        0x4 /opt/Freescale/KDS_v3/toolchain/bin/../lib/gcc/arm-none-eabi/4.8.4/armv6-m/crtbegin.o
                0x0000096c                PROVIDE (__fini_array_end, .)
                0x0000096c                __etext = .
                0x0000096c                __DATA_ROM = .

.mtb            0x1ffffc00        0x0
                0x1ffffc00                . = ALIGN (0x8)
                0x1ffffc00                _mtb_start = .
 *(.mtb_buf)
                0x1ffffc00                . = ALIGN (0x8)
                0x1ffffc00                _mtb_end = .

.data           0x1ffffc00       0x68 load address 0x0000096c
                0x1ffffc00                . = ALIGN (0x4)
                0x1ffffc00                __DATA_RAM = .
                0x1ffffc00                __data_start__ = .
 *(.data)
 *(.data*)
 .data.brightness
                0x1ffffc00        0x4 ./Sources/main.o
 .data.impure_data
                0x1ffffc04       0x60 /opt/Freescale/KDS_v3/toolchain/bin/../lib/gcc/arm-none-eabi/4.8.4/../../../../arm-none-eabi/lib/armv6-m/libg_s.a(lib_a-impure.o)
 *(.jcr*)
 .jcr           0x1ffffc64        0x0 /opt/Freescale/KDS_v3/toolchain/bin/../lib/gcc/arm-none-eabi/4.8.4/armv6-m/crtbegin.o
 .jcr           0x1ffffc64        0x4 /opt/Freescale/KDS_v3/toolchain/bin/../lib/gcc/arm-none-eabi/4.8.4/armv6-m/crtend.o
                0x1ffffc68                . = ALIGN (0x4)
                0x1ffffc68                __data_end__ = .
                0x000009d4                __DATA_END = (__DATA_ROM + (__data_end__ - __data_start__))

.igot.plt       0x1ffffc68        0x0 load address 0x000009d4
 .igot.plt      0x00000000        0x0 /opt/Freescale/KDS_v3/toolchain/bin/../lib/gcc/arm-none-eabi/4.8.4/armv6-m/crtbegin.o

.bss            0x1ffffc68       0x2c load address 0x000009d4
                0x1ffffc68                . = ALIGN (0x4)
                0x1ffffc68                __START_BSS = .
                0x1ffffc68                __bss_start__ = .
 *(.bss)
 .bss           0x1ffffc68       0x1c /opt/Freescale/KDS_v3/toolchain/bin/../lib/gcc/arm-none-eabi/4.8.4/armv6-m/crtbegin.o
 *(.bss*)
 .bss.hh        0x1ffffc84        0x4 ./Sources/main.o
 .bss.hl        0x1ffffc88        0x4 ./Sources/main.o
 .bss.mh        0x1ffffc8c        0x4 ./Sources/main.o
 .bss.ml        0x1ffffc90        0x4 ./Sources/main.o
 *(COMMON)
                0x1ffffc94                . = ALIGN (0x4)
                0x1ffffc94                __bss_end__ = .
                0x1ffffc94                __END_BSS = .

.heap           0x1ffffc94      0x204 load address 0x00000a00
                0x1ffffc98                . = ALIGN (0x8)
 *fill*         0x1ffffc94        0x4 
                0x1ffffc98                __end__ = .
                0x1ffffc98                PROVIDE (end, .)
                0x1ffffc98                __HeapBase = .
                0x1ffffe98                . = (. + HEAP_SIZE)
 *fill*         0x1ffffc98      0x200 
                0x1ffffe98                __HeapLimit = .

.stack          0x1ffffe98      0x100 load address 0x00000c04
                0x1ffffe98                . = ALIGN (0x8)
                0x1fffff98                . = (. + STACK_SIZE)
 *fill*         0x1ffffe98      0x100 
                0x20000c00                __StackTop = (ORIGIN (m_data) + 0x1000)
                0x20000b00                __StackLimit = (__StackTop - STACK_SIZE)
                0x20000c00                PROVIDE (__stack, __StackTop)

.ARM.attributes
                0x00000000       0x28
 *(.ARM.attributes)
 .ARM.attributes
                0x00000000       0x1e /opt/Freescale/KDS_v3/toolchain/bin/../lib/gcc/arm-none-eabi/4.8.4/armv6-m/crti.o
 .ARM.attributes
                0x0000001e       0x2c /opt/Freescale/KDS_v3/toolchain/bin/../lib/gcc/arm-none-eabi/4.8.4/armv6-m/crtbegin.o
 .ARM.attributes
                0x0000004a       0x1b /opt/Freescale/KDS_v3/toolchain/bin/../lib/gcc/arm-none-eabi/4.8.4/../../../../arm-none-eabi/lib/armv6-m/crt0.o
 .ARM.attributes
                0x00000065       0x32 ./Sources/gpio.o
 .ARM.attributes
                0x00000097       0x32 ./Sources/main.o
 .ARM.attributes
                0x000000c9       0x32 ./Sources/rtc.o
 .ARM.attributes
                0x000000fb       0x1b ./Project_Settings/Startup_Code/startup_MKL05Z4.o
 .ARM.attributes
                0x00000116       0x32 ./Project_Settings/Startup_Code/system_MKL05Z4.o
 .ARM.attributes
                0x00000148       0x2c /opt/Freescale/KDS_v3/toolchain/bin/../lib/gcc/arm-none-eabi/4.8.4/../../../../arm-none-eabi/lib/armv6-m/libg_s.a(lib_a-exit.o)
 .ARM.attributes
                0x00000174       0x2c /opt/Freescale/KDS_v3/toolchain/bin/../lib/gcc/arm-none-eabi/4.8.4/../../../../arm-none-eabi/lib/armv6-m/libg_s.a(lib_a-impure.o)
 .ARM.attributes
                0x000001a0       0x2c /opt/Freescale/KDS_v3/toolchain/bin/../lib/gcc/arm-none-eabi/4.8.4/../../../../arm-none-eabi/lib/armv6-m/libg_s.a(lib_a-init.o)
 .ARM.attributes
                0x000001cc       0x2c /opt/Freescale/KDS_v3/toolchain/bin/../lib/gcc/arm-none-eabi/4.8.4/../../../../arm-none-eabi/lib/armv6-m/libg_s.a(lib_a-memset.o)
 .ARM.attributes
                0x000001f8       0x2c /opt/Freescale/KDS_v3/toolchain/bin/../lib/gcc/arm-none-eabi/4.8.4/../../../../arm-none-eabi/lib/armv6-m/libnosys.a(_exit.o)
 .ARM.attributes
                0x00000224       0x2c /opt/Freescale/KDS_v3/toolchain/bin/../lib/gcc/arm-none-eabi/4.8.4/armv6-m/crtend.o
 .ARM.attributes
                0x00000250       0x1e /opt/Freescale/KDS_v3/toolchain/bin/../lib/gcc/arm-none-eabi/4.8.4/armv6-m/crtn.o
                0x00000001                ASSERT ((__StackLimit >= __HeapLimit), region m_data overflowed with stack and heap)
OUTPUT(imp-watch.elf elf32-littlearm)

.debug_info     0x00000000     0x13e0
 .debug_info    0x00000000      0x48c ./Sources/gpio.o
 .debug_info    0x0000048c      0x5a7 ./Sources/main.o
 .debug_info    0x00000a33      0x567 ./Sources/rtc.o
 .debug_info    0x00000f9a       0x8a ./Project_Settings/Startup_Code/startup_MKL05Z4.o
 .debug_info    0x00001024      0x3bc ./Project_Settings/Startup_Code/system_MKL05Z4.o

.debug_abbrev   0x00000000      0x49e
 .debug_abbrev  0x00000000       0xf4 ./Sources/gpio.o
 .debug_abbrev  0x000000f4      0x170 ./Sources/main.o
 .debug_abbrev  0x00000264      0x11d ./Sources/rtc.o
 .debug_abbrev  0x00000381       0x14 ./Project_Settings/Startup_Code/startup_MKL05Z4.o
 .debug_abbrev  0x00000395      0x109 ./Project_Settings/Startup_Code/system_MKL05Z4.o

.debug_aranges  0x00000000       0xf8
 .debug_aranges
                0x00000000       0x20 ./Sources/gpio.o
 .debug_aranges
                0x00000020       0x60 ./Sources/main.o
 .debug_aranges
                0x00000080       0x30 ./Sources/rtc.o
 .debug_aranges
                0x000000b0       0x20 ./Project_Settings/Startup_Code/startup_MKL05Z4.o
 .debug_aranges
                0x000000d0       0x28 ./Project_Settings/Startup_Code/system_MKL05Z4.o

.debug_ranges   0x00000000       0x98
 .debug_ranges  0x00000000       0x10 ./Sources/gpio.o
 .debug_ranges  0x00000010       0x50 ./Sources/main.o
 .debug_ranges  0x00000060       0x20 ./Sources/rtc.o
 .debug_ranges  0x00000080       0x18 ./Project_Settings/Startup_Code/system_MKL05Z4.o

.debug_macro    0x00000000     0x7c6e
 .debug_macro   0x00000000       0x91 ./Sources/gpio.o
 .debug_macro   0x00000091      0x80e ./Sources/gpio.o
 .debug_macro   0x0000089f       0x16 ./Sources/gpio.o
 .debug_macro   0x000008b5       0x16 ./Sources/gpio.o
 .debug_macro   0x000008cb       0x44 ./Sources/gpio.o
 .debug_macro   0x0000090f      0x209 ./Sources/gpio.o
 .debug_macro   0x00000b18       0x3a ./Sources/gpio.o
 .debug_macro   0x00000b52       0x3a ./Sources/gpio.o
 .debug_macro   0x00000b8c       0x26 ./Sources/gpio.o
 .debug_macro   0x00000bb2      0x306 ./Sources/gpio.o
 .debug_macro   0x00000eb8       0x57 ./Sources/gpio.o
 .debug_macro   0x00000f0f     0x62f9 ./Sources/gpio.o
 .debug_macro   0x00007208       0xc2 ./Sources/main.o
 .debug_macro   0x000072ca       0x10 ./Sources/main.o
 .debug_macro   0x000072da       0x22 ./Sources/main.o
 .debug_macro   0x000072fc       0x10 ./Sources/main.o
 .debug_macro   0x0000730c       0x96 ./Sources/rtc.o
 .debug_macro   0x000073a2       0x7e ./Project_Settings/Startup_Code/system_MKL05Z4.o
 .debug_macro   0x00007420      0x802 ./Project_Settings/Startup_Code/system_MKL05Z4.o
 .debug_macro   0x00007c22       0x4c ./Project_Settings/Startup_Code/system_MKL05Z4.o

.debug_line     0x00000000      0x9e3
 .debug_line    0x00000000      0x1e7 ./Sources/gpio.o
 .debug_line    0x000001e7      0x32d ./Sources/main.o
 .debug_line    0x00000514      0x212 ./Sources/rtc.o
 .debug_line    0x00000726       0x7b ./Project_Settings/Startup_Code/startup_MKL05Z4.o
 .debug_line    0x000007a1      0x242 ./Project_Settings/Startup_Code/system_MKL05Z4.o

.debug_str      0x00000000    0x26a18
 .debug_str     0x00000000    0x26516 ./Sources/gpio.o
                              0x2691b (size before relaxing)
 .debug_str     0x00026516      0x142 ./Sources/main.o
                              0x26a2b (size before relaxing)
 .debug_str     0x00026658      0x255 ./Sources/rtc.o
                              0x26a97 (size before relaxing)
 .debug_str     0x000268ad      0x16b ./Project_Settings/Startup_Code/system_MKL05Z4.o
                              0x26862 (size before relaxing)

.comment        0x00000000       0x70
 .comment       0x00000000       0x70 ./Sources/gpio.o
                                 0x71 (size before relaxing)
 .comment       0x00000000       0x71 ./Sources/main.o
 .comment       0x00000000       0x71 ./Sources/rtc.o
 .comment       0x00000000       0x71 ./Project_Settings/Startup_Code/system_MKL05Z4.o

.debug_frame    0x00000000      0x28c
 .debug_frame   0x00000000       0x2c ./Sources/gpio.o
 .debug_frame   0x0000002c      0x114 ./Sources/main.o
 .debug_frame   0x00000140       0x6c ./Sources/rtc.o
 .debug_frame   0x000001ac       0x4c ./Project_Settings/Startup_Code/system_MKL05Z4.o
 .debug_frame   0x000001f8       0x28 /opt/Freescale/KDS_v3/toolchain/bin/../lib/gcc/arm-none-eabi/4.8.4/../../../../arm-none-eabi/lib/armv6-m/libg_s.a(lib_a-exit.o)
 .debug_frame   0x00000220       0x2c /opt/Freescale/KDS_v3/toolchain/bin/../lib/gcc/arm-none-eabi/4.8.4/../../../../arm-none-eabi/lib/armv6-m/libg_s.a(lib_a-init.o)
 .debug_frame   0x0000024c       0x20 /opt/Freescale/KDS_v3/toolchain/bin/../lib/gcc/arm-none-eabi/4.8.4/../../../../arm-none-eabi/lib/armv6-m/libg_s.a(lib_a-memset.o)
 .debug_frame   0x0000026c       0x20 /opt/Freescale/KDS_v3/toolchain/bin/../lib/gcc/arm-none-eabi/4.8.4/../../../../arm-none-eabi/lib/armv6-m/libnosys.a(_exit.o)
